../Drivers/CMSIS/Include/core_cm4.h:2059:26:ITM_SendChar	16	static,ignoring_inline_asm
../Core/Src/main.c:60:5:cycles_to_minutes	32	static
../Core/Src/main.c:68:5:cycles_to_seconds	24	static
../Core/Src/main.c:100:5:_write	32	static
../Core/Src/main.c:114:6:LPTIM1_IRQHandler	4	static
../Core/Src/main.c:126:6:LPTIM2_IRQHandler	4	static
../Core/Src/main.c:146:5:main	64	static,ignoring_inline_asm
../Core/Src/main.c:271:6:SystemClock_Config	96	static
../Core/Src/main.c:317:13:MX_SPI3_Init	8	static
../Core/Src/main.c:357:13:MX_GPIO_Init	48	static
../Core/Src/main.c:416:6:Error_Handler	4	static,ignoring_inline_asm
