../Drivers/CMSIS/Include/core_cm4.h:1679:22:__NVIC_EnableIRQ	16	static,ignoring_inline_asm
../Drivers/CMSIS/Include/core_cm4.h:1809:22:__NVIC_SetPriority	16	static
../Drivers/CMSIS/Include/core_cm4.h:2059:26:ITM_SendChar	16	static,ignoring_inline_asm
../Core/Src/main.c:62:5:cycles_to_minutes	32	static
../Core/Src/main.c:70:5:cycles_to_seconds	24	static
../Core/Src/main.c:83:6:TIM2_IRQHandler	24	static
../Core/Src/main.c:116:6:TIM3_IRQHandler	4	static
../Core/Src/main.c:125:5:_write	32	static
../Core/Src/main.c:133:5:main	48	static
../Core/Src/main.c:209:6:SystemClock_Config	96	static
../Core/Src/main.c:255:13:MX_SPI3_Init	8	static
../Core/Src/main.c:295:13:MX_GPIO_Init	48	static
../Core/Src/main.c:354:6:Error_Handler	4	static,ignoring_inline_asm
